// Jest Snapshot v1, https://goo.gl/fbAQLP

exports[`HtmlRendererWebpackPlugin should render with custom renderer 1`] = `"test"`;

exports[`HtmlRendererWebpackPlugin should render with default renderer 1`] = `
"<!doctype html>
<head>
  <meta charset=\\"utf-8\\">
  <title>HtmlRendererWebpackPlugin</title>
  <meta name=\\"viewport\\" content=\\"width=device-width, initial-scale=1\\">
</head>
<div id=\\"root\\"></div>
<script defer type=\\"text/javascript\\" src=\\"/main.js\\"></script>
<script defer type=\\"text/javascript\\" src=\\"/runtime~main.js\\"></script>"
`;

exports[`HtmlRendererWebpackPlugin should render with default renderer 2`] = `
"<!doctype html>
<head>
  <meta charset=\\"utf-8\\">
  <title>HtmlRendererWebpackPlugin</title>
  <meta name=\\"viewport\\" content=\\"width=device-width, initial-scale=1\\">
</head>
<div id=\\"root\\"></div>
<script defer type=\\"text/javascript\\" src=\\"/main.js\\"></script>
<script defer type=\\"text/javascript\\" src=\\"/runtime~main.js\\"></script>"
`;

exports[`HtmlRendererWebpackPlugin should render with default renderer 3`] = `
"<!doctype html>
<head>
  <meta charset=\\"utf-8\\">
  <title>HtmlRendererWebpackPlugin</title>
  <meta name=\\"viewport\\" content=\\"width=device-width, initial-scale=1\\">
</head>
<div id=\\"root\\"></div>
<script defer type=\\"text/javascript\\" src=\\"/main.js\\"></script>
<script defer type=\\"text/javascript\\" src=\\"/runtime~main.js\\"></script>"
`;
